// Jest Snapshot v1, https://goo.gl/fbAQLP

exports[`App component renders App 1`] = `
<DocumentFragment>
  <h1>
    Rick and Morty Characters
  </h1>
  <a
    href="/"
  >
    <span>
      Home
    </span>
  </a>
</DocumentFragment>
`;
